stdout = '''
0 = [
    {
        start = 0,
        directory = {
            sfnt_version = 65536,
            _sfnt_version = {},
            num_tables = 11,
            search_range = 128,
            entry_selector = 3,
            range_shift = 48,
            table_records = [
                {
                    table_id = 1330851634,
                    checksum = 2376691328,
                    offset = 312,
                    length = 96,
                },
                {
                    table_id = 1447316824,
                    checksum = 1856861796,
                    offset = 444,
                    length = 1504,
                },
                {
                    table_id = 1668112752,
                    checksum = 39519805,
                    offset = 1948,
                    length = 338,
                },
                {
                    table_id = 1735162214,
                    checksum = 4060625394,
                    offset = 2316,
                    length = 836,
                },
                {
                    table_id = 1751474532,
                    checksum = 227156863,
                    offset = 188,
                    length = 54,
                },
                {
                    table_id = 1751672161,
                    checksum = 391318683,
                    offset = 244,
                    length = 36,
                },
                {
                    table_id = 1752003704,
                    checksum = 819134874,
                    offset = 408,
                    length = 34,
                },
                {
                    table_id = 1819239265,
                    checksum = 58589866,
                    offset = 2288,
                    length = 26,
                },
                {
                    table_id = 1835104368,
                    checksum = 1376537,
                    offset = 280,
                    length = 32,
                },
                {
                    table_id = 1851878757,
                    checksum = 3342286371,
                    offset = 3152,
                    length = 708,
                },
                {
                    table_id = 1886352244,
                    checksum = 4285071462,
                    offset = 3860,
                    length = 32,
                },
            ],
            table_links = {
                cmap = {
                    table_record = {
                        table_id = 1668112752,
                        checksum = 39519805,
                        offset = 1948,
                        length = 338,
                    },
                    link = 1948,
                },
                head = {
                    table_record = {
                        table_id = 1751474532,
                        checksum = 227156863,
                        offset = 188,
                        length = 54,
                    },
                    link = 188,
                },
                hhea = {
                    table_record = {
                        table_id = 1751672161,
                        checksum = 391318683,
                        offset = 244,
                        length = 36,
                    },
                    link = 244,
                },
                maxp = {
                    table_record = {
                        table_id = 1835104368,
                        checksum = 1376537,
                        offset = 280,
                        length = 32,
                    },
                    link = 280,
                },
                htmx = {
                    table_record = {
                        table_id = 1752003704,
                        checksum = 819134874,
                        offset = 408,
                        length = 34,
                    },
                    link = 408,
                },
                name = {
                    table_record = {
                        table_id = 1851878757,
                        checksum = 3342286371,
                        offset = 3152,
                        length = 708,
                    },
                    link = 3152,
                },
                os2 = {
                    table_record = {
                        table_id = 1330851634,
                        checksum = 2376691328,
                        offset = 312,
                        length = 96,
                    },
                    link = 312,
                },
                post = {
                    table_record = {
                        table_id = 1886352244,
                        checksum = 4285071462,
                        offset = 3860,
                        length = 32,
                    },
                    link = 3860,
                },
                cvt = {},
                fpgm = {},
                glyf = 2316,
                loca = 2288,
                prep = {},
                gasp = {},
                cff = {},
                cff2 = {},
                vorg = {},
                svg = {},
                ebdt = {},
                eblc = {},
                ebsc = {},
                cbdt = {},
                cblc = {},
                sbix = {},
                base = {},
                gdef = {},
                gpos = {},
                gsub = {},
                jstf = {},
                math = {},
                avar = {},
                cvar = {},
                fvar = {},
                gvar = {},
                hvar = {},
                mvar = {},
                stat = {},
                vvar = {},
                colr = {},
                cpal = {},
                dsig = {},
                hdmx = {},
                kern = {},
                ltsh = {},
                merg = {},
                meta = {},
                pclt = {},
                vdmx = 444,
                vhea = {},
                vmtx = {},
            },
        },
    },
]
188 = [
    {
        major_version = 1,
        _major_version = {},
        minor_version = 0,
        font_revision = 65536,
        checksum_adjustment = 773317341,
        magic_number = 1594834165,
        _magic_number = {},
        flags = 11,
        units_per_em = 2048,
        _units_per_em = {},
        created = 3371744314,
        modified = 3553631405,
        glyph_extents = {
            x_min = 0,
            y_min = -20,
            x_max = 4514,
            y_max = 1454,
        },
        mac_style = 0,
        lowest_rec_ppem = 9,
        font_direction_hint = 2,
        index_to_loc_format = 0,
        glyph_data_format = 0,
    },
]
244 = [
    {
        major_version = 1,
        _major_version = {},
        minor_version = 0,
        ascent = 1454,
        descent = -20,
        line_gap = 0,
        advance_width_max = 4719,
        min_left_side_bearing = 0,
        min_right_side_bearing = -1478,
        x_max_extent = 4514,
        caret_slope = {
            rise = 1,
            run = 0,
        },
        caret_offset = 0,
        _reserved0 = 0,
        _reserved1 = 0,
        _reserved2 = 0,
        _reserved3 = 0,
        metric_data_format = 0,
        number_of_long_horizontal_metrics = 5,
    },
]
280 = [
    {
        version = 65536,
        num_glyphs = 12,
    },
]
312 = [
    {},
]
408 = [
    {
        hhea = {
            major_version = 1,
            _major_version = {},
            minor_version = 0,
            ascent = 1454,
            descent = -20,
            line_gap = 0,
            advance_width_max = 4719,
            min_left_side_bearing = 0,
            min_right_side_bearing = -1478,
            x_max_extent = 4514,
            caret_slope = {
                rise = 1,
                run = 0,
            },
            caret_offset = 0,
            _reserved0 = 0,
            _reserved1 = 0,
            _reserved2 = 0,
            _reserved3 = 0,
            metric_data_format = 0,
            number_of_long_horizontal_metrics = 5,
        },
        maxp = {
            version = 65536,
            num_glyphs = 12,
        },
        table = {
            h_metrics = [
                {
                    advance_width = 1536,
                    left_side_bearing = 0,
                },
                {
                    advance_width = 1536,
                    left_side_bearing = 0,
                },
                {
                    advance_width = 4719,
                    left_side_bearing = 205,
                },
                {
                    advance_width = 4708,
                    left_side_bearing = 205,
                },
                {
                    advance_width = 0,
                    left_side_bearing = 0,
                },
            ],
        },
    },
]
444 = [
    {},
]
1948 = [
    {
        table_start = 1948,
        version = 0,
        num_tables = 3,
        encoding_records = [
            {
                platform = 0,
                encoding = 3,
                subtable_offset = {
                    offset = 28,
                    link = 1976,
                },
            },
            {
                platform = 1,
                encoding = 0,
                subtable_offset = {
                    offset = 76,
                    link = 2024,
                },
            },
            {
                platform = 3,
                encoding = 1,
                subtable_offset = {
                    offset = 28,
                    link = 1976,
                },
            },
        ],
    },
]
1976 = [
    {
        table_start = 1976,
        format = 4,
        data = {
            length = 48,
            language = 0,
            seg_count_x2 = 8,
            seg_count = 4,
            search_range = 8,
            entry_selector = 2,
            range_shift = 0,
            end_code = [
                32,
                70,
                80,
                65535,
            ],
            _reserved_pad = 0,
            start_code = [
                32,
                70,
                80,
                65535,
            ],
            id_delta = [
                -31,
                -68,
                -77,
                1,
            ],
            id_range_offsets = [
                0,
                0,
                0,
                0,
            ],
        },
    },
]
2024 = [
    {
        table_start = 2024,
        format = 0,
        data = {
            length = 262,
            language = 0,
            glyph_id_array = [
                0,
                0,
                0,
                0,
                0,
                0,
                0,
                0,
                0,
                0,
                0,
                0,
                0,
                0,
                0,
                0,
                0,
                0,
                0,
                0,
                0,
                0,
                0,
                0,
                0,
                0,
                0,
                0,
                0,
                0,
                0,
                0,
                1,
                0,
                0,
                0,
                0,
                0,
                0,
                0,
                0,
                0,
                0,
                0,
                0,
                0,
                0,
                0,
                0,
                0,
                0,
                0,
                0,
                0,
                0,
                0,
                0,
                0,
                0,
                0,
                0,
                0,
                0,
                0,
                0,
                0,
                0,
                0,
                0,
                0,
                2,
                0,
                0,
                0,
                0,
                0,
                0,
                0,
                0,
                0,
                3,
                0,
                0,
                0,
                0,
                0,
                0,
                0,
                0,
                0,
                0,
                0,
                0,
                0,
                0,
                0,
                0,
                0,
                0,
                0,
                0,
                0,
                0,
                0,
                0,
                0,
                0,
                0,
                0,
                0,
                0,
                0,
                0,
                0,
                0,
                0,
                0,
                0,
                0,
                0,
                0,
                0,
                0,
                0,
                0,
                0,
                0,
                0,
                0,
                0,
                0,
                0,
                0,
                0,
                0,
                0,
                0,
                0,
                0,
                0,
                0,
                0,
                0,
                0,
                0,
                0,
                0,
                0,
                0,
                0,
                0,
                0,
                0,
                0,
                0,
                0,
                0,
                0,
                0,
                0,
                0,
                0,
                0,
                0,
                0,
                0,
                0,
                0,
                0,
                0,
                0,
                0,
                0,
                0,
                0,
                0,
                0,
                0,
                0,
                0,
                0,
                0,
                0,
                0,
                0,
                0,
                0,
                0,
                0,
                0,
                0,
                0,
                0,
                0,
                0,
                0,
                0,
                0,
                0,
                0,
                0,
                0,
                0,
                0,
                0,
                0,
                0,
                0,
                0,
                0,
                0,
                0,
                0,
                0,
                0,
                0,
                0,
                0,
                0,
                0,
                0,
                0,
                0,
                0,
                0,
                0,
                0,
                0,
                0,
                0,
                0,
                0,
                0,
                0,
                0,
                0,
                0,
                0,
                0,
                0,
                0,
                0,
                0,
                0,
                0,
                0,
                0,
                0,
                0,
                0,
                0,
                0,
                0,
                0,
                0,
                0,
            ],
        },
    },
]
2288 = [
    {
        maxp = {
            version = 65536,
            num_glyphs = 12,
        },
        head = {
            major_version = 1,
            _major_version = {},
            minor_version = 0,
            font_revision = 65536,
            checksum_adjustment = 773317341,
            magic_number = 1594834165,
            _magic_number = {},
            flags = 11,
            units_per_em = 2048,
            _units_per_em = {},
            created = 3371744314,
            modified = 3553631405,
            glyph_extents = {
                x_min = 0,
                y_min = -20,
                x_max = 4514,
                y_max = 1454,
            },
            mac_style = 0,
            lowest_rec_ppem = 9,
            font_direction_hint = 2,
            index_to_loc_format = 0,
            glyph_data_format = 0,
        },
        table = {
            offsets = [
                0,
                0,
                0,
                22,
                44,
                66,
                92,
                106,
                122,
                170,
                218,
                318,
                418,
            ],
        },
    },
]
2316 = [
    {
        maxp = {
            version = 65536,
            num_glyphs = 12,
        },
        table = {
            glyphs = [
                {
                    header = {
                        number_of_contours = -1,
                        x_min = 205,
                        y_min = 0,
                        x_max = 4514,
                        y_max = 1434,
                    },
                    data = {
                        flags = 4135,
                        glyphIndex = 7,
                        argument1 = 3453,
                        argument2 = 0,
                    },
                },
            ],
        },
    },
]
3152 = [
    {
        table_start = 3152,
        version = 0,
        name_count = 14,
        storage_offset = 174,
    },
]
3860 = [
    {},
]
'''
stderr = ''
