stdout = '''
let array32 : U32 -> Format -> Format = fun len => fun Elem => Elem;
let pair : _ = { len <- u32be, data <- array32 len u32be };
let test_pair : { len : U32, data : U32 } -> { len : U32, data : U32 } =
fun p => p;
pair : Format
'''
stderr = ''
