Binop(
    Div,
    Var(
        Free("x")
    ),
    Binop(
        Div,
        Var(
            Free("y")
        ),
        Var(
            Free("z")
        )
    )
)
