Unop(
    Not,
    Binop(
        Or,
        Var(
            Free("true")
        
        ),
        Var(
            Free("false")
        
        )
    )
)
