Unop(
    Neg,
    Proj(
        Proj(
            Var(
                Free("foo")
            ),
            "bar"
        ),
        "x"
    )
)
