Binop(
    Span {
        lo: BytePos(0),
        hi: BytePos(17)
    },
    Mul,
    Var(
        Span {
            lo: BytePos(0),
            hi: BytePos(1)
        },
        Free(Ident("x"))
    ),
    Binop(
        Span {
            lo: BytePos(4),
            hi: BytePos(17)
        },
        Mul,
        Var(
            Span {
                lo: BytePos(4),
                hi: BytePos(5)
            },
            Free(Ident("y"))
        ),
        Binop(
            Span {
                lo: BytePos(8),
                hi: BytePos(17)
            },
            Div,
            Var(
                Span {
                    lo: BytePos(8),
                    hi: BytePos(9)
                },
                Free(Ident("z"))
            ),
            Binop(
                Span {
                    lo: BytePos(12),
                    hi: BytePos(17)
                },
                Mul,
                Var(
                    Span {
                        lo: BytePos(12),
                        hi: BytePos(13)
                    },
                    Free(Ident("z"))
                ),
                Var(
                    Span {
                        lo: BytePos(16),
                        hi: BytePos(17)
                    },
                    Free(Ident("x"))
                )
            )
        )
    )
)
