Struct(
    Span {
        lo: BytePos(9),
        hi: BytePos(311)
    },
    [
        Field {
            doc: "",
            name: OwnedIdent("len"),
            value: Var(
                Span {
                    lo: BytePos(35),
                    hi: BytePos(38)
                },
                Free(OwnedIdent("u32"))
            )
        },
        Field {
            doc: "",
            name: OwnedIdent("data1"),
            value: Array(
                Span {
                    lo: BytePos(59),
                    hi: BytePos(69)
                },
                Var(
                    Span {
                        lo: BytePos(60),
                        hi: BytePos(63)
                    },
                    Free(OwnedIdent("f32"))
                ),
                Var(
                    Span {
                        lo: BytePos(65),
                        hi: BytePos(68)
                    },
                    Bound(Named(OwnedIdent("len"), BoundVar(0, 0)))
                )
            )
        },
        Field {
            doc: "",
            name: OwnedIdent("data2"),
            value: Struct(
                Span {
                    lo: BytePos(90),
                    hi: BytePos(300)
                },
                [
                    Field {
                        doc: "",
                        name: OwnedIdent("data1"),
                        value: Array(
                            Span {
                                lo: BytePos(122),
                                hi: BytePos(132)
                            },
                            Var(
                                Span {
                                    lo: BytePos(123),
                                    hi: BytePos(126)
                                },
                                Free(OwnedIdent("f32"))
                            ),
                            Var(
                                Span {
                                    lo: BytePos(128),
                                    hi: BytePos(131)
                                },
                                Bound(Named(OwnedIdent("len"), BoundVar(1, 0)))
                            )
                        )
                    },
                    Field {
                        doc: "",
                        name: OwnedIdent("len"),
                        value: Var(
                            Span {
                                lo: BytePos(155),
                                hi: BytePos(158)
                            },
                            Free(OwnedIdent("u32"))
                        )
                    },
                    Field {
                        doc: "Doc comment",
                        name: OwnedIdent("padding1"),
                        value: Var(
                            Span {
                                lo: BytePos(218),
                                hi: BytePos(220)
                            },
                            Free(OwnedIdent("u8"))
                        )
                    },
                    Field {
                        doc: "",
                        name: OwnedIdent("padding2"),
                        value: Var(
                            Span {
                                lo: BytePos(248),
                                hi: BytePos(250)
                            },
                            Free(OwnedIdent("u8"))
                        )
                    },
                    Field {
                        doc: "",
                        name: OwnedIdent("data2"),
                        value: Array(
                            Span {
                                lo: BytePos(275),
                                hi: BytePos(285)
                            },
                            Var(
                                Span {
                                    lo: BytePos(276),
                                    hi: BytePos(279)
                                },
                                Free(OwnedIdent("f32"))
                            ),
                            Var(
                                Span {
                                    lo: BytePos(281),
                                    hi: BytePos(284)
                                },
                                Bound(Named(OwnedIdent("len"), BoundVar(2, 0)))
                            )
                        )
                    }
                ]
            )
        }
    ]
)
