stdout = '''
let _ : _ = Type; Type : Type
'''
stderr = ''
