stdout = ''
stderr = '''
error: cannot find `goodbye` in projection head
  ┌─ tests/fail/elaboration/unknown-field/record-literal.fathom:3:16
  │
3 │ { hello = {} }.goodbye
  │ -------------- ^^^^^^^ unknown label
  │ │               
  │ head expression

'''
