stdout = '''
fun (A : Type) -> Type : Type
'''
stderr = ''
