Lam(
    Span {
        start: ByteIndex(0),
        end: ByteIndex(0)
    },
    [
        Named {
            name: User(
                Ident("x")
            ),
            inner: Binary
        }
    ],
    Lam(
        Span {
            start: ByteIndex(0),
            end: ByteIndex(0)
        },
        [
            Named {
                name: User(
                    Ident("y")
                ),
                inner: Binary
            }
        ],
        Lam(
            Span {
                start: ByteIndex(0),
                end: ByteIndex(0)
            },
            [
                Named {
                    name: User(
                        Ident("z")
                    ),
                    inner: Binary
                }
            ],
            App(
                Span {
                    start: ByteIndex(0),
                    end: ByteIndex(0)
                },
                App(
                    Span {
                        start: ByteIndex(0),
                        end: ByteIndex(0)
                    },
                    Var(
                        Span {
                            start: ByteIndex(0),
                            end: ByteIndex(0)
                        },
                        Bound(
                            Named {
                                name: User(
                                    Ident("x")
                                ),
                                inner: BoundVar(2, 0)
                            }
                        )
                    ),
                    [
                        Var(
                            Span {
                                start: ByteIndex(0),
                                end: ByteIndex(0)
                            },
                            Bound(
                                Named {
                                    name: User(
                                        Ident("z")
                                    ),
                                    inner: BoundVar(0, 0)
                                }
                            )
                        )
                    ]
                ),
                [
                    App(
                        Span {
                            start: ByteIndex(0),
                            end: ByteIndex(0)
                        },
                        Var(
                            Span {
                                start: ByteIndex(0),
                                end: ByteIndex(0)
                            },
                            Bound(
                                Named {
                                    name: User(
                                        Ident("y")
                                    ),
                                    inner: BoundVar(1, 0)
                                }
                            )
                        ),
                        [
                            Var(
                                Span {
                                    start: ByteIndex(0),
                                    end: ByteIndex(0)
                                },
                                Bound(
                                    Named {
                                        name: User(
                                            Ident("z")
                                        ),
                                        inner: BoundVar(0, 0)
                                    }
                                )
                            )
                        ]
                    )
                ]
            )
        )
    )
)
