stdout = '''
fun a => a : fun (a : U32) -> U32
'''
stderr = ''
