Lam(
    Span {
        start: ByteIndex(0),
        end: ByteIndex(0)
    },
    [
        Named {
            name: User(
                Ident("x")
            ),
            inner: Binary
        }
    ],
    Lam(
        Span {
            start: ByteIndex(0),
            end: ByteIndex(0)
        },
        [
            Named {
                name: User(
                    Ident("y")
                ),
                inner: Binary
            }
        ],
        Var(
            Span {
                start: ByteIndex(0),
                end: ByteIndex(0)
            },
            Bound(
                Named {
                    name: User(
                        Ident("x")
                    ),
                    inner: BoundVar(1, 0)
                }
            )
        )
    )
)
