stdout = '''
fun a => a : fun (_ : Type) -> Type
'''
stderr = ''
