stdout = '''
fun (A : Type) -> fun (_ : A) -> A : Type
'''
stderr = ''
