stdout = ''
stderr = '''
error: type mismatch
  ┌─ tests/fail/elaboration/unification/mismatch/fun-literal-output-expr.fathom:3:19
  │
3 │ fun A => fun a => A : fun (A : Type) -> A -> A
  │                   ^

'''
