Binop(
    ByteSpan {
        start: ByteIndex(1),
        end: ByteIndex(10)
    },
    Mul,
    Var(
        ByteSpan {
            start: ByteIndex(1),
            end: ByteIndex(2)
        },
        Free(
            User(
                Ident("x")
            )
        )
    ),
    Binop(
        ByteSpan {
            start: ByteIndex(5),
            end: ByteIndex(10)
        },
        Mul,
        Var(
            ByteSpan {
                start: ByteIndex(5),
                end: ByteIndex(6)
            },
            Free(
                User(
                    Ident("y")
                )
            )
        ),
        Var(
            ByteSpan {
                start: ByteIndex(9),
                end: ByteIndex(10)
            },
            Free(
                User(
                    Ident("z")
                )
            )
        )
    )
)
