Unop(
    ByteSpan {
        start: ByteIndex(10),
        end: ByteIndex(30)
    },
    Not,
    Binop(
        ByteSpan {
            start: ByteIndex(13),
            end: ByteIndex(28)
        },
        Or,
        Var(
            ByteSpan {
                start: ByteIndex(13),
                end: ByteIndex(17)
            },
            Free(
                User(
                    Ident("true")
                )
            )
        ),
        Var(
            ByteSpan {
                start: ByteIndex(22),
                end: ByteIndex(27)
            },
            Free(
                User(
                    Ident("false")
                )
            )
        )
    )
)
