Program {
    defs: {
        Path {
            base: "Stl",
            children: []
        }: Struct(
            [
                Field {
                    name: "header",
                    value: Array(
                        Const(
                            Unsigned(
                                U8
                            )
                        )
                    )
                },
                Field {
                    name: "num_triangles",
                    value: Const(
                        Unsigned(
                            U32
                        )
                    )
                },
                Field {
                    name: "triangles",
                    value: Array(
                        Path(
                            Path {
                                base: "Triangle",
                                children: []
                            }
                        )
                    )
                }
            ],
            Some(
                Sequence(
                    [
                        Named("header", Repeat(
                            Const(
                                U8
                            ),
                            Exact(
                                Const(
                                    Int(80, Unsigned(U8))
                                )
                            )
                        )),
                        Named("num_triangles", Const(
                            U32Le
                        )),
                        Named("triangles", Repeat(
                            Var(
                                Bound(Named("Triangle", BoundVar(2, 0)))
                            ),
                            Exact(
                                Var(
                                    Bound(Named("num_triangles", BoundVar(0, 0)))
                                )
                            )
                        ))
                    ],
                    Struct(
                        Path {
                            base: "Stl",
                            children: []
                        },
                        [
                            Field {
                                name: "header",
                                value: Var(
                                    Bound(Named("header", BoundVar(2, 0)))
                                )
                            },
                            Field {
                                name: "num_triangles",
                                value: Var(
                                    Bound(Named("num_triangles", BoundVar(1, 0)))
                                )
                            },
                            Field {
                                name: "triangles",
                                value: Var(
                                    Bound(Named("triangles", BoundVar(0, 0)))
                                )
                            }
                        ]
                    )
                )
            )
        ),
        Path {
            base: "Triangle",
            children: []
        }: Struct(
            [
                Field {
                    name: "normal",
                    value: Path(
                        Path {
                            base: "Vec3d",
                            children: []
                        }
                    )
                },
                Field {
                    name: "vertices",
                    value: Array(
                        Path(
                            Path {
                                base: "Vec3d",
                                children: []
                            }
                        )
                    )
                }
            ],
            Some(
                Sequence(
                    [
                        Named("normal", Var(
                            Bound(Named("Vec3d", BoundVar(0, 0)))
                        )),
                        Named("vertices", Repeat(
                            Var(
                                Bound(Named("Vec3d", BoundVar(1, 0)))
                            ),
                            Exact(
                                Const(
                                    Int(3, Unsigned(U8))
                                )
                            )
                        ))
                    ],
                    Struct(
                        Path {
                            base: "Triangle",
                            children: []
                        },
                        [
                            Field {
                                name: "normal",
                                value: Var(
                                    Bound(Named("normal", BoundVar(1, 0)))
                                )
                            },
                            Field {
                                name: "vertices",
                                value: Var(
                                    Bound(Named("vertices", BoundVar(0, 0)))
                                )
                            }
                        ]
                    )
                )
            )
        ),
        Path {
            base: "Vec3d",
            children: []
        }: Struct(
            [
                Field {
                    name: "x",
                    value: Const(
                        Float(
                            F32
                        )
                    )
                },
                Field {
                    name: "y",
                    value: Const(
                        Float(
                            F32
                        )
                    )
                },
                Field {
                    name: "z",
                    value: Const(
                        Float(
                            F32
                        )
                    )
                }
            ],
            Some(
                Sequence(
                    [
                        Named("x", Const(
                            F32Le
                        )),
                        Named("y", Const(
                            F32Le
                        )),
                        Named("z", Const(
                            F32Le
                        ))
                    ],
                    Struct(
                        Path {
                            base: "Vec3d",
                            children: []
                        },
                        [
                            Field {
                                name: "x",
                                value: Var(
                                    Bound(Named("x", BoundVar(2, 0)))
                                )
                            },
                            Field {
                                name: "y",
                                value: Var(
                                    Bound(Named("y", BoundVar(1, 0)))
                                )
                            },
                            Field {
                                name: "z",
                                value: Var(
                                    Bound(Named("z", BoundVar(0, 0)))
                                )
                            }
                        ]
                    )
                )
            )
        )
    }
}
