stdout = '''
(fun A => fun a => a : fun (A : Type) -> A -> A) (Type -> Type) (fun a => a) :
Type -> Type
'''
stderr = ''
