stdout = '''
let x : Bool = false; match x { false => 0, _ => 1 } : U8
'''
stderr = ''
