stdout = '''
let x : U8 = 3; x : U8
'''
stderr = '''
warning: unreachable pattern
  ┌─ tests/succeed/match/synth-simple-redundant-ann-weird.fathom:3:5
  │
3 │     y : U8 : Type => 4,
  │     ^^^^^^^^^^^^^

warning: unreachable pattern
  ┌─ tests/succeed/match/synth-simple-redundant-ann-weird.fathom:4:5
  │
4 │     y : U8 : Type => y,
  │     ^^^^^^^^^^^^^

'''
