stdout = '''
0 = [
    {
        start = 0,
        directory = {
            sfnt_version = 1330926671,
            _sfnt_version = {},
            num_tables = 9,
            search_range = 128,
            entry_selector = 3,
            range_shift = 16,
            table_records = [
                {
                    table_id = 1128678944,
                    checksum = 592874113,
                    offset = 156,
                    length = 4132,
                    link = 156,
                },
                {
                    table_id = 1330851634,
                    checksum = 1825330621,
                    offset = 4288,
                    length = 96,
                    link = 4288,
                },
                {
                    table_id = 1668112752,
                    checksum = 852002,
                    offset = 4384,
                    length = 32,
                    link = 4384,
                },
                {
                    table_id = 1751474532,
                    checksum = 1759071024,
                    offset = 4416,
                    length = 54,
                    link = 4416,
                },
                {
                    table_id = 1751672161,
                    checksum = 360516338,
                    offset = 4472,
                    length = 36,
                    link = 4472,
                },
                {
                    table_id = 1752003704,
                    checksum = 1081359000,
                    offset = 4508,
                    length = 202,
                    link = 4508,
                },
                {
                    table_id = 1835104368,
                    checksum = 6574080,
                    offset = 4712,
                    length = 6,
                    link = 4712,
                },
                {
                    table_id = 1851878757,
                    checksum = 224732287,
                    offset = 4720,
                    length = 208,
                    link = 4720,
                },
                {
                    table_id = 1886352244,
                    checksum = 4288610354,
                    offset = 4928,
                    length = 32,
                    link = 4928,
                },
            ],
        },
    },
]
156 = [
    {},
]
4288 = [
    {},
]
4384 = [
    {
        table_start = 4384,
        version = 0,
        num_tables = 1,
        encoding_records = [
            {
                platform = 3,
                encoding = 1,
                subtable_offset = {
                    offset = 12,
                    link = 4396,
                },
            },
        ],
    },
]
4396 = [
    {
        table_start = 4396,
        format = 10,
        data = {
            _reserved = 0,
            length = 20,
            language = 0,
            start_char_code = 0,
            num_chars = 0,
            glyph_id_array = [],
        },
    },
]
4416 = [
    {
        major_version = 1,
        _major_version = {},
        minor_version = 0,
        font_revision = 65536,
        checksum_adjustment = 773161559,
        magic_number = 1594834165,
        _magic_number = {},
        flags = 1,
        units_per_em = 1500,
        _units_per_em = {},
        created = 0,
        modified = 0,
        glyph_extents = {
            x_min = 0,
            y_min = -10,
            x_max = 2500,
            y_max = 2150,
        },
        mac_style = 0,
        lowest_rec_ppem = 3,
        font_direction_hint = 2,
        index_to_loc_format = 0,
        glyph_data_format = 0,
    },
]
4472 = [
    {
        major_version = 1,
        _major_version = {},
        minor_version = 0,
        ascent = 2500,
        descent = 0,
        line_gap = 200,
        advance_width_max = 2500,
        min_left_side_bearing = 300,
        min_right_side_bearing = 300,
        x_max_extent = 2500,
        caret_slope = {
            rise = 1,
            run = 0,
        },
        caret_offset = 0,
        _reserved0 = 0,
        _reserved1 = 0,
        _reserved2 = 0,
        _reserved3 = 0,
        metric_data_format = 0,
        number_of_long_horizontal_metrics = 1,
    },
]
4508 = [
    {
        h_metrics = [],
    },
]
4712 = [
    {
        version = 20480,
        num_glyphs = 100,
    },
]
4720 = [
    {
        table_start = 4720,
        version = 0,
        name_count = 6,
        storage_offset = 78,
    },
]
4928 = [
    {},
]
'''
stderr = ''
